Archive member included because of file (symbol)

./out/lib/drivers_bm.a(puertos.o)
                              ./out/obj/ejemplo_uso_spi.o (port_pin)
./out/lib/drivers_bm.a(leds.o)
                              ./out/obj/ejemplo_uso_spi.o (leds_init)
./out/lib/drivers_bm.a(spi.o)
                              ./out/obj/ejemplo_uso_spi.o (Board_SSP_Init)
./out/lib/ext_drivers.a(gpio_18xx_43xx.o)
                              ./out/lib/drivers_bm.a(puertos.o) (Chip_GPIO_SetPinDIR)
./out/lib/ext_drivers.a(ssp_18xx_43xx.o)
                              ./out/lib/drivers_bm.a(spi.o) (Chip_SSP_RWFrames_Blocking)
./out/lib/ext_drivers.a(cr_startup_lpc43xx.o)
                              ./out/obj/vector.o (ResetISR)
./out/lib/ext_drivers.a(clock_18xx_43xx.o)
                              ./out/lib/ext_drivers.a(ssp_18xx_43xx.o) (Chip_Clock_Enable)
./out/lib/ext_drivers.a(sysinit.o)
                              ./out/lib/ext_drivers.a(clock_18xx_43xx.o) (ExtRateIn)
./out/lib/ext_drivers.a(fpu_init.o)
                              ./out/lib/ext_drivers.a(sysinit.o) (fpuInit)
./out/lib/ext_drivers.a(sysinit_18xx_43xx.o)
                              ./out/lib/ext_drivers.a(sysinit.o) (Chip_SystemInit)
c:/ciaa/cygwin/usr/arm-none-eabi/bin/../lib/gcc/arm-none-eabi/4.9.3/../../../../arm-none-eabi/lib/armv7e-m/softfp\libc.a(lib_a-memset.o)
                              ./out/lib/ext_drivers.a(clock_18xx_43xx.o) (memset)

Discarded input sections

 .group         0x00000000        0x8 ./out/obj/vector.o
 .group         0x00000000        0x8 ./out/obj/vector.o
 .group         0x00000000        0x8 ./out/obj/vector.o
 .group         0x00000000        0x8 ./out/obj/vector.o
 .group         0x00000000        0x8 ./out/obj/vector.o
 .group         0x00000000        0x8 ./out/obj/vector.o
 .group         0x00000000        0x8 ./out/obj/vector.o
 .group         0x00000000        0x8 ./out/obj/vector.o
 .group         0x00000000        0x8 ./out/obj/vector.o
 .group         0x00000000        0x8 ./out/obj/vector.o
 .group         0x00000000        0x8 ./out/obj/vector.o
 .group         0x00000000        0x8 ./out/obj/vector.o
 .group         0x00000000        0x8 ./out/obj/vector.o
 .group         0x00000000        0x8 ./out/obj/vector.o
 .group         0x00000000        0x8 ./out/obj/vector.o
 .group         0x00000000        0x8 ./out/obj/vector.o
 .group         0x00000000        0x8 ./out/obj/vector.o
 .group         0x00000000        0x8 ./out/obj/vector.o
 .group         0x00000000        0x8 ./out/obj/vector.o
 .group         0x00000000        0x8 ./out/obj/vector.o
 .group         0x00000000        0x8 ./out/obj/vector.o
 .group         0x00000000        0x8 ./out/obj/vector.o
 .group         0x00000000        0x8 ./out/obj/vector.o
 .group         0x00000000        0x8 ./out/obj/vector.o
 .group         0x00000000        0x8 ./out/obj/vector.o
 .group         0x00000000        0x8 ./out/obj/vector.o
 .group         0x00000000        0x8 ./out/obj/vector.o
 .group         0x00000000        0x8 ./out/obj/vector.o
 .group         0x00000000        0x8 ./out/obj/vector.o
 .group         0x00000000        0x8 ./out/obj/vector.o
 .group         0x00000000        0x8 ./out/obj/vector.o
 .group         0x00000000        0x8 ./out/obj/vector.o
 .group         0x00000000        0x8 ./out/obj/vector.o
 .group         0x00000000        0x8 ./out/obj/vector.o
 .group         0x00000000        0x8 ./out/obj/vector.o
 .group         0x00000000        0x8 ./out/obj/vector.o
 .group         0x00000000        0x8 ./out/obj/vector.o
 .group         0x00000000        0x8 ./out/obj/vector.o
 .group         0x00000000        0x8 ./out/obj/vector.o
 .group         0x00000000        0x8 ./out/obj/vector.o
 .group         0x00000000        0x8 ./out/obj/vector.o
 .group         0x00000000        0x8 ./out/obj/vector.o
 .group         0x00000000        0x8 ./out/obj/vector.o
 .group         0x00000000        0x8 ./out/obj/vector.o
 .group         0x00000000        0x8 ./out/obj/vector.o
 .group         0x00000000        0x8 ./out/obj/vector.o
 .group         0x00000000        0x8 ./out/obj/vector.o
 .group         0x00000000        0x8 ./out/obj/vector.o
 .group         0x00000000        0x8 ./out/obj/vector.o
 .group         0x00000000        0x8 ./out/obj/vector.o
 .group         0x00000000        0x8 ./out/obj/vector.o
 .group         0x00000000        0x8 ./out/obj/vector.o
 .group         0x00000000        0x8 ./out/obj/vector.o
 .text          0x00000000        0x0 ./out/obj/vector.o
 .data          0x00000000        0x0 ./out/obj/vector.o
 .bss           0x00000000        0x0 ./out/obj/vector.o
 .group         0x00000000        0x8 ./out/obj/ejemplo_uso_spi.o
 .group         0x00000000        0x8 ./out/obj/ejemplo_uso_spi.o
 .group         0x00000000        0x8 ./out/obj/ejemplo_uso_spi.o
 .group         0x00000000        0x8 ./out/obj/ejemplo_uso_spi.o
 .group         0x00000000        0x8 ./out/obj/ejemplo_uso_spi.o
[...]
Memory Configuration

Name             Origin             Length             Attributes
MFlashA512       0x1a000000         0x00080000         xr
MFlashB512       0x1b000000         0x00080000         xr
RamLoc32         0x10000000         0x00008000         xrw
RamLoc40         0x10080000         0x0000a000         xrw
RamAHB32         0x20000000         0x00008000         xrw
RamAHB16         0x20008000         0x00004000         xrw
RamAHB_ETB16     0x2000c000         0x00004000         xrw
*default*        0x00000000         0xffffffff

Linker script and memory map

LOAD ./out/obj/vector.o
LOAD ./out/obj/ejemplo_uso_spi.o
LOAD ./out/obj/crp.o
START GROUP
LOAD ./out/lib/drivers_bm.a
LOAD ./out/lib/ext_drivers.a
LOAD ./out/lib/ext_base.a
END GROUP
LOAD c:/ciaa/cygwin/usr/arm-none-eabi/bin/../lib/gcc/arm-none-eabi/4.9.3/../../../../arm-none-eabi/lib/armv7e-m/softfp\libc.a
LOAD c:/ciaa/cygwin/usr/arm-none-eabi/bin/../lib/gcc/arm-none-eabi/4.9.3/../../../../arm-none-eabi/lib/armv7e-m/softfp\librdimon.a
START GROUP
LOAD c:/ciaa/cygwin/usr/arm-none-eabi/bin/../lib/gcc/arm-none-eabi/4.9.3/armv7e-m/softfp\libgcc.a
LOAD c:/ciaa/cygwin/usr/arm-none-eabi/bin/../lib/gcc/arm-none-eabi/4.9.3/../../../../arm-none-eabi/lib/armv7e-m/softfp\libc.a
LOAD c:/ciaa/cygwin/usr/arm-none-eabi/bin/../lib/gcc/arm-none-eabi/4.9.3/../../../../arm-none-eabi/lib/armv7e-m/softfp\libm.a
END GROUP
                0x1a080000                __top_MFlashA512 = 0x1a080000
                0x1b080000                __top_MFlashB512 = 0x1b080000
                0x10008000                __top_RamLoc32 = 0x10008000
                0x1008a000                __top_RamLoc40 = 0x1008a000
                0x20008000                __top_RamAHB32 = 0x20008000
                0x2000c000                __top_RamAHB16 = 0x2000c000
                0x20010000                __top_RamAHB_ETB16 = 0x20010000

.text_Flash2    0x1b000000        0x0
 FILL mask 0xff
 *(.text_Flash2*)
 *(.text_MFlashB512*)
 *(.text.$Flash2*)
 *(.text.$MFlashB512*)
 *(.rodata.$Flash2*)
 *(.rodata.$MFlashB512*)

.text           0x1a000000     0x32bc
 FILL mask 0xff
                0x1a000000                __vectors_start__ = ABSOLUTE (.)
 *(.isr_vector)
 .isr_vector    0x1a000000      0x114 ./out/obj/vector.o
                0x1a000000                g_pfnVectors
                0x1a000114                . = ALIGN (0x4)
                0x1a000114                __section_table_start = .
                0x1a000114                __data_section_table = .
                0x1a000114        0x4 LONG 0x1a0032bc LOADADDR (.data)
                0x1a000118        0x4 LONG 0x10000000 ADDR (.data)
                0x1a00011c        0x4 LONG 0x0 SIZEOF (.data)
                0x1a000120        0x4 LONG 0x1a0032bc LOADADDR (.data_RAM2)
                0x1a000124        0x4 LONG 0x10080000 ADDR (.data_RAM2)
                0x1a000128        0x4 LONG 0x0 SIZEOF (.data_RAM2)
                0x1a00012c        0x4 LONG 0x1a0032bc LOADADDR (.data_RAM3)
                0x1a000130        0x4 LONG 0x20000000 ADDR (.data_RAM3)
                0x1a000134        0x4 LONG 0x0 SIZEOF (.data_RAM3)
                0x1a000138        0x4 LONG 0x1a0032bc LOADADDR (.data_RAM4)
                0x1a00013c        0x4 LONG 0x20008000 ADDR (.data_RAM4)
                0x1a000140        0x4 LONG 0x0 SIZEOF (.data_RAM4)
                0x1a000144        0x4 LONG 0x1a0032bc LOADADDR (.data_RAM5)
                0x1a000148        0x4 LONG 0x2000c000 ADDR (.data_RAM5)
                0x1a00014c        0x4 LONG 0x0 SIZEOF (.data_RAM5)
                0x1a000150                __data_section_table_end = .
                0x1a000150                __bss_section_table = .
                0x1a000150        0x4 LONG 0x10000000 ADDR (.bss)
                0x1a000154        0x4 LONG 0x24 SIZEOF (.bss)
                0x1a000158        0x4 LONG 0x10080000 ADDR (.bss_RAM2)
                0x1a00015c        0x4 LONG 0x0 SIZEOF (.bss_RAM2)
                0x1a000160        0x4 LONG 0x20000000 ADDR (.bss_RAM3)
                0x1a000164        0x4 LONG 0x0 SIZEOF (.bss_RAM3)
                0x1a000168        0x4 LONG 0x20008000 ADDR (.bss_RAM4)
                0x1a00016c        0x4 LONG 0x0 SIZEOF (.bss_RAM4)
                0x1a000170        0x4 LONG 0x2000c000 ADDR (.bss_RAM5)
                0x1a000174        0x4 LONG 0x0 SIZEOF (.bss_RAM5)
                0x1a000178                __bss_section_table_end = .
                0x1a000178                __section_table_end = .
 *(.after_vectors*)
 .after_vectors
                0x1a000178       0x54 ./out/obj/vector.o
 .after_vectors
                0x1a0001cc       0x7c ./out/lib/ext_drivers.a(cr_startup_lpc43xx.o)
                0x1a0001cc                data_init
                0x1a000210                bss_init
                0x000002fc                . = 0x2fc
 *fill*         0x1a000248       0xb4 ff
                0x1a0002fc                PROVIDE (__CRP_WORD_START__, .)
 *(.crp)
 .crp           0x1a0002fc        0x4 ./out/obj/crp.o
                0x1a0002fc                CRP_WORD
                0x1a000300                PROVIDE (__CRP_WORD_END__, .)
                0x00000001                ASSERT (! ((__CRP_WORD_START__ == __CRP_WORD_END__)), Linker CRP Enabled, but no CRP_WORD provided within application)
 *(.text*)
 .text.Chip_SSP_Enable
                0x1a000300       0x20 ./out/obj/ejemplo_uso_spi.o
 .text.write_data
                0x1a000320       0x74 ./out/obj/ejemplo_uso_spi.o
                0x1a000320                write_data
 .text.main     0x1a000394       0x44 ./out/obj/ejemplo_uso_spi.o
                0x1a000394                main
 .text.Chip_SCU_PinMuxSet
                0x1a0003d8       0x30 ./out/lib/drivers_bm.a(puertos.o)
 .text.Chip_SCU_PinMux
                0x1a000408       0x3c ./out/lib/drivers_bm.a(puertos.o)
 .text.Chip_GPIO_ReadPortBit
                0x1a000444       0x34 ./out/lib/drivers_bm.a(puertos.o)
 .text.Chip_GPIO_SetPinOutHigh
                0x1a000478       0x30 ./out/lib/drivers_bm.a(puertos.o)
 .text.Chip_GPIO_SetPinOutLow
                0x1a0004a8       0x30 ./out/lib/drivers_bm.a(puertos.o)
 .text.port_pin
                0x1a0004d8     0x19a4 ./out/lib/drivers_bm.a(puertos.o)
                0x1a0004d8                port_pin
 .text.leds_init
                0x1a001e7c       0x98 ./out/lib/drivers_bm.a(leds.o)
                0x1a001e7c                leds_init
 .text.Chip_SCU_PinMuxSet
                0x1a001f14       0x30 ./out/lib/drivers_bm.a(spi.o)
 .text.Chip_SSP_Enable
                0x1a001f44       0x20 ./out/lib/drivers_bm.a(spi.o)
 .text.Chip_SSP_SetFormat
                0x1a001f64       0x30 ./out/lib/drivers_bm.a(spi.o)
 .text.Board_SSP_Init
                0x1a001f94       0x24 ./out/lib/drivers_bm.a(spi.o)
                0x1a001f94                Board_SSP_Init
 .text.Board_SSP_config
                0x1a001fb8       0x98 ./out/lib/drivers_bm.a(spi.o)
                0x1a001fb8                Board_SSP_config
 .text.Chip_GPIO_SetPinDIROutput
                0x1a002050       0x3c ./out/lib/ext_drivers.a(gpio_18xx_43xx.o)
 .text.Chip_GPIO_SetPinDIRInput
                0x1a00208c       0x40 ./out/lib/ext_drivers.a(gpio_18xx_43xx.o)
 .text.Chip_GPIO_SetPinDIR
                0x1a0020cc       0x44 ./out/lib/ext_drivers.a(gpio_18xx_43xx.o)
                0x1a0020cc                Chip_GPIO_SetPinDIR
 .text.Chip_SSP_GetStatus
                0x1a002110       0x2c ./out/lib/ext_drivers.a(ssp_18xx_43xx.o)
 .text.Chip_SSP_GetRawIntStatus
                0x1a00213c       0x2c ./out/lib/ext_drivers.a(ssp_18xx_43xx.o)
 .text.Chip_SSP_GetDataSize
                0x1a002168       0x20 ./out/lib/ext_drivers.a(ssp_18xx_43xx.o)
 .text.Chip_SSP_ClearIntPending
                0x1a002188       0x1c ./out/lib/ext_drivers.a(ssp_18xx_43xx.o)
 .text.Chip_SSP_ReceiveFrame
                0x1a0021a4       0x1c ./out/lib/ext_drivers.a(ssp_18xx_43xx.o)
 .text.Chip_SSP_SendFrame
                0x1a0021c0       0x1c ./out/lib/ext_drivers.a(ssp_18xx_43xx.o)
 .text.Chip_SSP_SetFormat
                0x1a0021dc       0x30 ./out/lib/ext_drivers.a(ssp_18xx_43xx.o)
 .text.Chip_SSP_Set_Mode
                0x1a00220c       0x24 ./out/lib/ext_drivers.a(ssp_18xx_43xx.o)
 .text.Chip_SSP_GetClockIndex
                0x1a002230       0x2c ./out/lib/ext_drivers.a(ssp_18xx_43xx.o)
 .text.Chip_SSP_GetPeriphClockIndex
                0x1a00225c       0x30 ./out/lib/ext_drivers.a(ssp_18xx_43xx.o)
 .text.Chip_SSP_SetClockRate
                0x1a00228c       0x34 ./out/lib/ext_drivers.a(ssp_18xx_43xx.o)
                0x1a00228c                Chip_SSP_SetClockRate
 .text.Chip_SSP_WriteFrames_Blocking
                0x1a0022c0      0x138 ./out/lib/ext_drivers.a(ssp_18xx_43xx.o)
                0x1a0022c0                Chip_SSP_WriteFrames_Blocking
 .text.Chip_SSP_SetBitRate
                0x1a0023f8       0x74 ./out/lib/ext_drivers.a(ssp_18xx_43xx.o)
                0x1a0023f8                Chip_SSP_SetBitRate
 .text.Chip_SSP_Init
                0x1a00246c       0x4c ./out/lib/ext_drivers.a(ssp_18xx_43xx.o)
                0x1a00246c                Chip_SSP_Init
 .text.ResetISR
                0x1a0024b8       0xe4 ./out/lib/ext_drivers.a(cr_startup_lpc43xx.o)
                0x1a0024b8                ResetISR
 .text.ABS      0x1a00259c       0x24 ./out/lib/ext_drivers.a(clock_18xx_43xx.o)
 .text.pll_calc_divs
                0x1a0025c0      0x11c ./out/lib/ext_drivers.a(clock_18xx_43xx.o)
 .text.pll_get_frac
                0x1a0026dc      0x178 ./out/lib/ext_drivers.a(clock_18xx_43xx.o)
 .text.Chip_Clock_GetDivRate
                0x1a002854       0x40 ./out/lib/ext_drivers.a(clock_18xx_43xx.o)
 .text.Chip_Clock_FindBaseClock
                0x1a002894       0x88 ./out/lib/ext_drivers.a(clock_18xx_43xx.o)
 .text.Chip_Clock_EnableCrystal
                0x1a00291c       0x6c ./out/lib/ext_drivers.a(clock_18xx_43xx.o)
                0x1a00291c                Chip_Clock_EnableCrystal
 .text.Chip_Clock_CalcMainPLLValue
                0x1a002988       0xd8 ./out/lib/ext_drivers.a(clock_18xx_43xx.o)
                0x1a002988                Chip_Clock_CalcMainPLLValue
 .text.Chip_Clock_GetMainPLLHz
                0x1a002a60       0xc0 ./out/lib/ext_drivers.a(clock_18xx_43xx.o)
                0x1a002a60                Chip_Clock_GetMainPLLHz
 .text.Chip_Clock_GetDividerSource
                0x1a002b20       0x40 ./out/lib/ext_drivers.a(clock_18xx_43xx.o)
                0x1a002b20                Chip_Clock_GetDividerSource
 .text.Chip_Clock_GetDividerDivisor
                0x1a002b60       0x38 ./out/lib/ext_drivers.a(clock_18xx_43xx.o)
                0x1a002b60                Chip_Clock_GetDividerDivisor
 .text.Chip_Clock_GetClockInputHz
                0x1a002b98      0x140 ./out/lib/ext_drivers.a(clock_18xx_43xx.o)
                0x1a002b98                Chip_Clock_GetClockInputHz
 .text.Chip_Clock_GetBaseClocktHz
                0x1a002cd8       0x24 ./out/lib/ext_drivers.a(clock_18xx_43xx.o)
                0x1a002cd8                Chip_Clock_GetBaseClocktHz
 .text.Chip_Clock_SetBaseClock
                0x1a002cfc       0x9c ./out/lib/ext_drivers.a(clock_18xx_43xx.o)
                0x1a002cfc                Chip_Clock_SetBaseClock
 .text.Chip_Clock_GetBaseClock
                0x1a002d98       0x4c ./out/lib/ext_drivers.a(clock_18xx_43xx.o)
                0x1a002d98                Chip_Clock_GetBaseClock
 .text.Chip_Clock_Enable
                0x1a002de4       0x60 ./out/lib/ext_drivers.a(clock_18xx_43xx.o)
                0x1a002de4                Chip_Clock_Enable
 .text.Chip_Clock_GetRate
                0x1a002e44       0x88 ./out/lib/ext_drivers.a(clock_18xx_43xx.o)
                0x1a002e44                Chip_Clock_GetRate
 .text.SystemInit
                0x1a002ecc       0x1c ./out/lib/ext_drivers.a(sysinit.o)
                0x1a002ecc                SystemInit
 .text.fpuInit  0x1a002ee8       0x74 ./out/lib/ext_drivers.a(fpu_init.o)
                0x1a002ee8                fpuInit
 .text.Chip_Clock_DisableMainPLL
                0x1a002f5c       0x1c ./out/lib/ext_drivers.a(sysinit_18xx_43xx.o)
 .text.Chip_Clock_SetupMainPLL
                0x1a002f78       0x40 ./out/lib/ext_drivers.a(sysinit_18xx_43xx.o)
 .text.Chip_Clock_MainPLLLocked
                0x1a002fb8       0x24 ./out/lib/ext_drivers.a(sysinit_18xx_43xx.o)
 .text.Chip_SetupCoreClock
                0x1a002fdc      0x15c ./out/lib/ext_drivers.a(sysinit_18xx_43xx.o)
                0x1a002fdc                Chip_SetupCoreClock
 .text.Chip_SetupIrcClocking
                0x1a003138       0x14 ./out/lib/ext_drivers.a(sysinit_18xx_43xx.o)
                0x1a003138                Chip_SetupIrcClocking
 .text.Chip_SystemInit
                0x1a00314c        0xc ./out/lib/ext_drivers.a(sysinit_18xx_43xx.o)
                0x1a00314c                Chip_SystemInit
 .text.memset   0x1a003158       0x9c c:/ciaa/cygwin/usr/arm-none-eabi/bin/../lib/gcc/arm-none-eabi/4.9.3/../../../../arm-none-eabi/lib/armv7e-m/softfp\libc.a(lib_a-memset.o)
                0x1a003158                memset
 *(.rodata .rodata.* .constdata .constdata.*)
 .rodata.periph_to_base
                0x1a0031f4       0x6c ./out/lib/ext_drivers.a(clock_18xx_43xx.o)
 .rodata        0x1a003260        0xa ./out/lib/ext_drivers.a(clock_18xx_43xx.o)
 *fill*         0x1a00326a        0x2 
 .rodata.ExtRateIn
                0x1a00326c        0x4 ./out/lib/ext_drivers.a(sysinit.o)
                0x1a00326c                ExtRateIn
 .rodata.OscRateIn
                0x1a003270        0x4 ./out/lib/ext_drivers.a(sysinit.o)
                0x1a003270                OscRateIn
 .rodata.InitClkStates
                0x1a003274       0x48 ./out/lib/ext_drivers.a(sysinit_18xx_43xx.o)
                0x1a0032bc                . = ALIGN (0x4)

.glue_7         0x1a0032bc        0x0
 .glue_7        0x00000000        0x0 linker stubs

.glue_7t        0x1a0032bc        0x0
 .glue_7t       0x00000000        0x0 linker stubs

.vfp11_veneer   0x1a0032bc        0x0
 .vfp11_veneer  0x00000000        0x0 linker stubs

.v4_bx          0x1a0032bc        0x0
 .v4_bx         0x00000000        0x0 linker stubs

.iplt           0x1a0032bc        0x0
 .iplt          0x00000000        0x0 ./out/obj/vector.o

.rel.dyn        0x1a0032bc        0x0
 .rel.iplt      0x00000000        0x0 ./out/obj/vector.o

.ARM.extab
 *(.ARM.extab* .gnu.linkonce.armextab.*)
                0x1a0032bc                __exidx_start = .

.ARM.exidx
 *(.ARM.exidx* .gnu.linkonce.armexidx.*)
                0x1a0032bc                __exidx_end = .
                0x1a0032bc                _etext = .

.data_RAM2      0x10080000        0x0 load address 0x1a0032bc
 FILL mask 0xff
 *(.ramfunc.$RAM2)
 *(.ramfunc.$RamLoc40)
 *(.data.$RAM2*)
 *(.data.$RamLoc40*)
                0x10080000                . = ALIGN (0x4)

.data_RAM3      0x20000000        0x0 load address 0x1a0032bc
 FILL mask 0xff
 *(.ramfunc.$RAM3)
 *(.ramfunc.$RamAHB32)
 *(.data.$RAM3*)
 *(.data.$RamAHB32*)
                0x20000000                . = ALIGN (0x4)

.data_RAM4      0x20008000        0x0 load address 0x1a0032bc
 FILL mask 0xff
 *(.ramfunc.$RAM4)
 *(.ramfunc.$RamAHB16)
 *(.data.$RAM4*)
 *(.data.$RamAHB16*)
                0x20008000                . = ALIGN (0x4)

.data_RAM5      0x2000c000        0x0 load address 0x1a0032bc
 FILL mask 0xff
 *(.ramfunc.$RAM5)
 *(.ramfunc.$RamAHB_ETB16)
 *(.data.$RAM5*)
 *(.data.$RamAHB_ETB16*)
                0x2000c000                . = ALIGN (0x4)

.uninit_RESERVED
                0x10000000        0x0
 *(.bss.$RESERVED*)
                0x10000000                . = ALIGN (0x4)
                0x10000000                _end_uninit_RESERVED = .

.data           0x10000000        0x0 load address 0x1a0032bc
 FILL mask 0xff
                0x10000000                _data = .
 *(vtable)
 *(.ramfunc*)
 *(.data*)
                0x10000000                . = ALIGN (0x4)
                0x10000000                _edata = .

.igot.plt       0x10000000        0x0 load address 0x1a0032bc
 .igot.plt      0x00000000        0x0 ./out/obj/vector.o

.bss_RAM2       0x10080000        0x0
 *(.bss.$RAM2*)
 *(.bss.$RamLoc40*)
                0x10080000                . = ALIGN (0x4)

.bss_RAM3       0x20000000        0x0
 *(.bss.$RAM3*)
 *(.bss.$RamAHB32*)
                0x20000000                . = ALIGN (0x4)

.bss_RAM4       0x20008000        0x0
 *(.bss.$RAM4*)
 *(.bss.$RamAHB16*)
                0x20008000                . = ALIGN (0x4)

.bss_RAM5       0x2000c000        0x0
 *(.bss.$RAM5*)
 *(.bss.$RamAHB_ETB16*)
                0x2000c000                . = ALIGN (0x4)

.bss            0x10000000       0x24
                0x10000000                _bss = .
 *(.bss*)
 .bss.xf_setup  0x10000000       0x14 ./out/obj/ejemplo_uso_spi.o
 .bss.Rx_Buf    0x10000014        0x8 ./out/obj/ejemplo_uso_spi.o
 .bss.audio_usb_pll_freq
                0x1000001c        0x8 ./out/lib/ext_drivers.a(clock_18xx_43xx.o)
 *(COMMON)
                0x10000024                . = ALIGN (0x4)
                0x10000024                _ebss = .
                0x10000024                PROVIDE (end, .)

.noinit_RAM2    0x10080000        0x0
 *(.noinit.$RAM2*)
 *(.noinit.$RamLoc40*)
                0x10080000                . = ALIGN (0x4)

.noinit_RAM3    0x20000000        0x0
 *(.noinit.$RAM3*)
 *(.noinit.$RamAHB32*)
                0x20000000                . = ALIGN (0x4)

.noinit_RAM4    0x20008000        0x0
 *(.noinit.$RAM4*)
 *(.noinit.$RamAHB16*)
                0x20008000                . = ALIGN (0x4)

.noinit_RAM5    0x2000c000        0x0
 *(.noinit.$RAM5*)
 *(.noinit.$RamAHB_ETB16*)
                0x2000c000                . = ALIGN (0x4)

.noinit         0x10000024        0x0
                0x10000024                _noinit = .
 *(.noinit*)
                0x10000024                . = ALIGN (0x4)
                0x10000024                _end_noinit = .
                0x10000024                PROVIDE (_pvHeapStart, .)
                0x10008000                PROVIDE (_vStackTop, (__top_RamLoc32 - 0x0))
OUTPUT(./out/bin/ejemplo_uso_spi.axf elf32-littlearm)

.debug_info     0x00000000     0x51f8
 .debug_info    0x00000000      0x650 ./out/obj/vector.o
 .debug_info    0x00000650      0x796 ./out/obj/ejemplo_uso_spi.o
 .debug_info    0x00000de6       0x3f ./out/obj/crp.o
 .debug_info    0x00000e25      0x4f8 ./out/lib/drivers_bm.a(puertos.o)
 .debug_info    0x0000131d      0x11b ./out/lib/drivers_bm.a(leds.o)
 .debug_info    0x00001438      0x5f6 ./out/lib/drivers_bm.a(spi.o)
 .debug_info    0x00001a2e      0x44c ./out/lib/ext_drivers.a(gpio_18xx_43xx.o)
 .debug_info    0x00001e7a      0xc25 ./out/lib/ext_drivers.a(ssp_18xx_43xx.o)
 .debug_info    0x00002a9f      0x1c3 ./out/lib/ext_drivers.a(cr_startup_lpc43xx.o)
 .debug_info    0x00002c62     0x158f ./out/lib/ext_drivers.a(clock_18xx_43xx.o)
 .debug_info    0x000041f1      0x5c0 ./out/lib/ext_drivers.a(sysinit.o)
 .debug_info    0x000047b1      0x145 ./out/lib/ext_drivers.a(fpu_init.o)
 .debug_info    0x000048f6      0x902 ./out/lib/ext_drivers.a(sysinit_18xx_43xx.o)

.debug_abbrev   0x00000000      0xfa6
 .debug_abbrev  0x00000000       0xc7 ./out/obj/vector.o
 .debug_abbrev  0x000000c7      0x159 ./out/obj/ejemplo_uso_spi.o
 .debug_abbrev  0x00000220       0x36 ./out/obj/crp.o
 .debug_abbrev  0x00000256      0x177 ./out/lib/drivers_bm.a(puertos.o)
 .debug_abbrev  0x000003cd       0x93 ./out/lib/drivers_bm.a(leds.o)
 .debug_abbrev  0x00000460      0x1bd ./out/lib/drivers_bm.a(spi.o)
 .debug_abbrev  0x0000061d      0x111 ./out/lib/ext_drivers.a(gpio_18xx_43xx.o)
 .debug_abbrev  0x0000072e      0x232 ./out/lib/ext_drivers.a(ssp_18xx_43xx.o)
 .debug_abbrev  0x00000960       0xc0 ./out/lib/ext_drivers.a(cr_startup_lpc43xx.o)
 .debug_abbrev  0x00000a20      0x2c0 ./out/lib/ext_drivers.a(clock_18xx_43xx.o)
 .debug_abbrev  0x00000ce0       0xc1 ./out/lib/ext_drivers.a(sysinit.o)
 .debug_abbrev  0x00000da1       0x84 ./out/lib/ext_drivers.a(fpu_init.o)
 .debug_abbrev  0x00000e25      0x181 ./out/lib/ext_drivers.a(sysinit_18xx_43xx.o)

.debug_aranges  0x00000000      0x4c8
 .debug_aranges
                0x00000000       0x68 ./out/obj/vector.o
 .debug_aranges
                0x00000068       0x30 ./out/obj/ejemplo_uso_spi.o
 .debug_aranges
                0x00000098       0x18 ./out/obj/crp.o
 .debug_aranges
                0x000000b0       0x48 ./out/lib/drivers_bm.a(puertos.o)
 .debug_aranges
                0x000000f8       0x30 ./out/lib/drivers_bm.a(leds.o)
 .debug_aranges
                0x00000128       0x58 ./out/lib/drivers_bm.a(spi.o)
 .debug_aranges
                0x00000180       0x68 ./out/lib/ext_drivers.a(gpio_18xx_43xx.o)
 .debug_aranges
                0x000001e8       0xe8 ./out/lib/ext_drivers.a(ssp_18xx_43xx.o)
 .debug_aranges
                0x000002d0       0x30 ./out/lib/ext_drivers.a(cr_startup_lpc43xx.o)
 .debug_aranges
                0x00000300      0x138 ./out/lib/ext_drivers.a(clock_18xx_43xx.o)
 .debug_aranges
                0x00000438       0x20 ./out/lib/ext_drivers.a(sysinit.o)
 .debug_aranges
                0x00000458       0x20 ./out/lib/ext_drivers.a(fpu_init.o)
 .debug_aranges
                0x00000478       0x50 ./out/lib/ext_drivers.a(sysinit_18xx_43xx.o)

.debug_ranges   0x00000000      0x3f0
 .debug_ranges  0x00000000       0x58 ./out/obj/vector.o
 .debug_ranges  0x00000058       0x20 ./out/obj/ejemplo_uso_spi.o
 .debug_ranges  0x00000078       0x38 ./out/lib/drivers_bm.a(puertos.o)
 .debug_ranges  0x000000b0       0x20 ./out/lib/drivers_bm.a(leds.o)
 .debug_ranges  0x000000d0       0x48 ./out/lib/drivers_bm.a(spi.o)
 .debug_ranges  0x00000118       0x58 ./out/lib/ext_drivers.a(gpio_18xx_43xx.o)
 .debug_ranges  0x00000170       0xd8 ./out/lib/ext_drivers.a(ssp_18xx_43xx.o)
 .debug_ranges  0x00000248       0x20 ./out/lib/ext_drivers.a(cr_startup_lpc43xx.o)
 .debug_ranges  0x00000268      0x128 ./out/lib/ext_drivers.a(clock_18xx_43xx.o)
 .debug_ranges  0x00000390       0x10 ./out/lib/ext_drivers.a(sysinit.o)
 .debug_ranges  0x000003a0       0x10 ./out/lib/ext_drivers.a(fpu_init.o)
 .debug_ranges  0x000003b0       0x40 ./out/lib/ext_drivers.a(sysinit_18xx_43xx.o)

.debug_macro    0x00000000     0x60e8
 .debug_macro   0x00000000      0x301 ./out/obj/vector.o
 .debug_macro   0x00000301      0x886 ./out/obj/vector.o
 .debug_macro   0x00000b87       0x22 ./out/obj/vector.o
 .debug_macro   0x00000ba9       0x44 ./out/obj/vector.o
 .debug_macro   0x00000bed       0x58 ./out/obj/vector.o
 .debug_macro   0x00000c45       0x22 ./out/obj/vector.o
 .debug_macro   0x00000c67      0x1df ./out/obj/vector.o
 .debug_macro   0x00000e46       0x10 ./out/obj/vector.o
 .debug_macro   0x00000e56       0x22 ./out/obj/vector.o
 .debug_macro   0x00000e78       0x66 ./out/obj/vector.o
 .debug_macro   0x00000ede       0x28 ./out/obj/vector.o
 .debug_macro   0x00000f06       0x3b ./out/obj/vector.o
 .debug_macro   0x00000f41       0x2d ./out/obj/vector.o
 .debug_macro   0x00000f6e       0x42 ./out/obj/vector.o
 .debug_macro   0x00000fb0      0xd39 ./out/obj/vector.o
 .debug_macro   0x00001ce9      0x2bc ./out/obj/vector.o
 .debug_macro   0x00001fa5      0x112 ./out/obj/vector.o
 .debug_macro   0x000020b7       0x11 ./out/obj/vector.o
 .debug_macro   0x000020c8       0x2a ./out/obj/vector.o
 .debug_macro   0x000020f2       0x16 ./out/obj/vector.o
 .debug_macro   0x00002108      0x2e6 ./out/obj/vector.o
 .debug_macro   0x000023ee       0x82 ./out/obj/vector.o
 .debug_macro   0x00002470      0x13d ./out/obj/vector.o
 .debug_macro   0x000025ad      0x198 ./out/obj/vector.o
 .debug_macro   0x00002745       0x34 ./out/obj/vector.o
 .debug_macro   0x00002779       0x58 ./out/obj/vector.o
 .debug_macro   0x000027d1      0x236 ./out/obj/vector.o
 .debug_macro   0x00002a07      0x572 ./out/obj/vector.o
 .debug_macro   0x00002f79       0x16 ./out/obj/vector.o
 .debug_macro   0x00002f8f      0x18a ./out/obj/vector.o
 .debug_macro   0x00003119       0x88 ./out/obj/vector.o
 .debug_macro   0x000031a1      0x1b9 ./out/obj/vector.o
 .debug_macro   0x0000335a      0x1da ./out/obj/vector.o
 .debug_macro   0x00003534       0x40 ./out/obj/vector.o
 .debug_macro   0x00003574       0x1c ./out/obj/vector.o
 .debug_macro   0x00003590       0x2e ./out/obj/vector.o
 .debug_macro   0x000035be       0x2e ./out/obj/vector.o
 .debug_macro   0x000035ec       0x22 ./out/obj/vector.o
 .debug_macro   0x0000360e      0x201 ./out/obj/vector.o
 .debug_macro   0x0000380f       0xe0 ./out/obj/vector.o
 .debug_macro   0x000038ef      0x34c ./out/obj/vector.o
 .debug_macro   0x00003c3b       0xdc ./out/obj/vector.o
 .debug_macro   0x00003d17       0xc4 ./out/obj/vector.o
 .debug_macro   0x00003ddb       0x94 ./out/obj/vector.o
 .debug_macro   0x00003e6f       0xb8 ./out/obj/vector.o
 .debug_macro   0x00003f27       0x4c ./out/obj/vector.o
 .debug_macro   0x00003f73       0x16 ./out/obj/vector.o
 .debug_macro   0x00003f89      0x328 ./out/obj/vector.o
 .debug_macro   0x000042b1       0x3a ./out/obj/vector.o
 .debug_macro   0x000042eb       0xd0 ./out/obj/vector.o
 .debug_macro   0x000043bb       0x18 ./out/obj/vector.o
 .debug_macro   0x000043d3       0x22 ./out/obj/vector.o
 .debug_macro   0x000043f5       0x40 ./out/obj/vector.o
 .debug_macro   0x00004435       0x10 ./out/obj/vector.o
 .debug_macro   0x00004445      0x333 ./out/obj/ejemplo_uso_spi.o
 .debug_macro   0x00004778       0x34 ./out/obj/ejemplo_uso_spi.o
 .debug_macro   0x000047ac       0x22 ./out/obj/ejemplo_uso_spi.o
 .debug_macro   0x000047ce       0x17 ./out/obj/crp.o
 .debug_macro   0x000047e5      0x319 ./out/lib/drivers_bm.a(puertos.o)
 .debug_macro   0x00004afe      0x304 ./out/lib/drivers_bm.a(leds.o)
 .debug_macro   0x00004e02       0x28 ./out/lib/drivers_bm.a(leds.o)
 .debug_macro   0x00004e2a      0x303 ./out/lib/drivers_bm.a(spi.o)
 .debug_macro   0x0000512d      0x2f2 ./out/lib/ext_drivers.a(gpio_18xx_43xx.o)
 .debug_macro   0x0000541f      0x2f2 ./out/lib/ext_drivers.a(ssp_18xx_43xx.o)
 .debug_macro   0x00005711       0x23 ./out/lib/ext_drivers.a(cr_startup_lpc43xx.o)
 .debug_macro   0x00005734      0x2f8 ./out/lib/ext_drivers.a(clock_18xx_43xx.o)
 .debug_macro   0x00005a2c      0x2f2 ./out/lib/ext_drivers.a(sysinit.o)
 .debug_macro   0x00005d1e       0xd8 ./out/lib/ext_drivers.a(fpu_init.o)
 .debug_macro   0x00005df6      0x2f2 ./out/lib/ext_drivers.a(sysinit_18xx_43xx.o)

.debug_line     0x00000000     0x5457
 .debug_line    0x00000000      0x6c8 ./out/obj/vector.o
 .debug_line    0x000006c8      0x730 ./out/obj/ejemplo_uso_spi.o
 .debug_line    0x00000df8       0x4a ./out/obj/crp.o
 .debug_line    0x00000e42      0xb2a ./out/lib/drivers_bm.a(puertos.o)
 .debug_line    0x0000196c      0x6d1 ./out/lib/drivers_bm.a(leds.o)
 .debug_line    0x0000203d      0x742 ./out/lib/drivers_bm.a(spi.o)
 .debug_line    0x0000277f      0x728 ./out/lib/ext_drivers.a(gpio_18xx_43xx.o)
 .debug_line    0x00002ea7      0x9c0 ./out/lib/ext_drivers.a(ssp_18xx_43xx.o)
 .debug_line    0x00003867       0xe1 ./out/lib/ext_drivers.a(cr_startup_lpc43xx.o)
 .debug_line    0x00003948      0xad0 ./out/lib/ext_drivers.a(clock_18xx_43xx.o)
 .debug_line    0x00004418      0x66f ./out/lib/ext_drivers.a(sysinit.o)
 .debug_line    0x00004a87      0x287 ./out/lib/ext_drivers.a(fpu_init.o)
 .debug_line    0x00004d0e      0x749 ./out/lib/ext_drivers.a(sysinit_18xx_43xx.o)

.debug_str      0x00000000    0x16476
 .debug_str     0x00000000    0x14d2a ./out/obj/vector.o
                              0x14efe (size before relaxing)
 .debug_str     0x00014d2a      0x24a ./out/obj/ejemplo_uso_spi.o
                              0x15083 (size before relaxing)
 .debug_str     0x00014f74       0x49 ./out/obj/crp.o
                               0x24d8 (size before relaxing)
 .debug_str     0x00014fbd      0x13d ./out/lib/drivers_bm.a(puertos.o)
                              0x145a2 (size before relaxing)
 .debug_str     0x000150fa       0x6d ./out/lib/drivers_bm.a(leds.o)
                              0x144ae (size before relaxing)
 .debug_str     0x00015167      0x1f3 ./out/lib/drivers_bm.a(spi.o)
                              0x147c7 (size before relaxing)
 .debug_str     0x0001535a      0x13f ./out/lib/ext_drivers.a(gpio_18xx_43xx.o)
                              0x14560 (size before relaxing)
 .debug_str     0x00015499      0x438 ./out/lib/ext_drivers.a(ssp_18xx_43xx.o)
                              0x14e7b (size before relaxing)
 .debug_str     0x000158d1      0x166 ./out/lib/ext_drivers.a(cr_startup_lpc43xx.o)
                               0x260d (size before relaxing)
 .debug_str     0x00015a37      0x832 ./out/lib/ext_drivers.a(clock_18xx_43xx.o)
                              0x156e1 (size before relaxing)
 .debug_str     0x00016269       0x31 ./out/lib/ext_drivers.a(sysinit.o)
                              0x14e5d (size before relaxing)
 .debug_str     0x0001629a       0xd5 ./out/lib/ext_drivers.a(fpu_init.o)
                               0x8cf3 (size before relaxing)
 .debug_str     0x0001636f      0x107 ./out/lib/ext_drivers.a(sysinit_18xx_43xx.o)
                              0x15123 (size before relaxing)

.comment        0x00000000       0x70
 .comment       0x00000000       0x70 ./out/obj/vector.o
                                 0x71 (size before relaxing)
 .comment       0x00000000       0x71 ./out/obj/ejemplo_uso_spi.o
 .comment       0x00000000       0x71 ./out/obj/crp.o
 .comment       0x00000000       0x71 ./out/lib/drivers_bm.a(puertos.o)
 .comment       0x00000000       0x71 ./out/lib/drivers_bm.a(leds.o)
 .comment       0x00000000       0x71 ./out/lib/drivers_bm.a(spi.o)
 .comment       0x00000000       0x71 ./out/lib/ext_drivers.a(gpio_18xx_43xx.o)
 .comment       0x00000000       0x71 ./out/lib/ext_drivers.a(ssp_18xx_43xx.o)
 .comment       0x00000000       0x71 ./out/lib/ext_drivers.a(cr_startup_lpc43xx.o)
 .comment       0x00000000       0x71 ./out/lib/ext_drivers.a(clock_18xx_43xx.o)
 .comment       0x00000000       0x71 ./out/lib/ext_drivers.a(sysinit.o)
 .comment       0x00000000       0x71 ./out/lib/ext_drivers.a(fpu_init.o)
 .comment       0x00000000       0x71 ./out/lib/ext_drivers.a(sysinit_18xx_43xx.o)

.ARM.attributes
                0x00000000       0x37
 .ARM.attributes
                0x00000000       0x37 ./out/obj/vector.o
 .ARM.attributes
                0x00000037       0x37 ./out/obj/ejemplo_uso_spi.o
 .ARM.attributes
                0x0000006e       0x37 ./out/obj/crp.o
 .ARM.attributes
                0x000000a5       0x37 ./out/lib/drivers_bm.a(puertos.o)
 .ARM.attributes
                0x000000dc       0x37 ./out/lib/drivers_bm.a(leds.o)
 .ARM.attributes
                0x00000113       0x37 ./out/lib/drivers_bm.a(spi.o)
 .ARM.attributes
                0x0000014a       0x37 ./out/lib/ext_drivers.a(gpio_18xx_43xx.o)
 .ARM.attributes
                0x00000181       0x37 ./out/lib/ext_drivers.a(ssp_18xx_43xx.o)
 .ARM.attributes
                0x000001b8       0x37 ./out/lib/ext_drivers.a(cr_startup_lpc43xx.o)
 .ARM.attributes
                0x000001ef       0x37 ./out/lib/ext_drivers.a(clock_18xx_43xx.o)
 .ARM.attributes
                0x00000226       0x37 ./out/lib/ext_drivers.a(sysinit.o)
 .ARM.attributes
                0x0000025d       0x37 ./out/lib/ext_drivers.a(fpu_init.o)
 .ARM.attributes
                0x00000294       0x37 ./out/lib/ext_drivers.a(sysinit_18xx_43xx.o)
 .ARM.attributes
                0x000002cb       0x32 c:/ciaa/cygwin/usr/arm-none-eabi/bin/../lib/gcc/arm-none-eabi/4.9.3/../../../../arm-none-eabi/lib/armv7e-m/softfp\libc.a(lib_a-memset.o)

.debug_frame    0x00000000     0x1124
 .debug_frame   0x00000000      0x108 ./out/obj/vector.o
 .debug_frame   0x00000108       0x78 ./out/obj/ejemplo_uso_spi.o
 .debug_frame   0x00000180      0x100 ./out/lib/drivers_bm.a(puertos.o)
 .debug_frame   0x00000280       0x74 ./out/lib/drivers_bm.a(leds.o)
 .debug_frame   0x000002f4      0x134 ./out/lib/drivers_bm.a(spi.o)
 .debug_frame   0x00000428      0x198 ./out/lib/ext_drivers.a(gpio_18xx_43xx.o)
 .debug_frame   0x000005c0      0x3e8 ./out/lib/ext_drivers.a(ssp_18xx_43xx.o)
 .debug_frame   0x000009a8       0x80 ./out/lib/ext_drivers.a(cr_startup_lpc43xx.o)
 .debug_frame   0x00000a28      0x568 ./out/lib/ext_drivers.a(clock_18xx_43xx.o)
 .debug_frame   0x00000f90       0x34 ./out/lib/ext_drivers.a(sysinit.o)
 .debug_frame   0x00000fc4       0x38 ./out/lib/ext_drivers.a(fpu_init.o)
 .debug_frame   0x00000ffc       0xf4 ./out/lib/ext_drivers.a(sysinit_18xx_43xx.o)
 .debug_frame   0x000010f0       0x34 c:/ciaa/cygwin/usr/arm-none-eabi/bin/../lib/gcc/arm-none-eabi/4.9.3/../../../../arm-none-eabi/lib/armv7e-m/softfp\libc.a(lib_a-memset.o)
